
*** Running vivado
    with args -log fpga_top.vds -m64 -product Vivado -mode batch -messageDb vivado.pb -notrace -source fpga_top.tcl



****** Vivado v2020.1 (64-bit)
  **** SW Build 2902540 on Wed May 27 19:54:49 MDT 2020
  **** IP Build 2902112 on Wed May 27 22:43:36 MDT 2020
    ** Copyright 1986-2020 Xilinx, Inc. All Rights Reserved.

source fpga_top.tcl -notrace
Command: synth_design -top fpga_top -part xc7a35tcpg236-1
Starting synth_design
Attempting to get a license for feature 'Synthesis' and/or device 'xc7a35t'
INFO: [Common 17-349] Got license for feature 'Synthesis' and/or device 'xc7a35t'
INFO: [Device 21-403] Loading part xc7a35tcpg236-1
INFO: [Synth 8-7079] Multithreading enabled for synth_design using a maximum of 2 processes.
INFO: [Synth 8-7078] Launching helper process for spawning children vivado processes
INFO: [Synth 8-7075] Helper process launched with PID 16096
---------------------------------------------------------------------------------
Starting RTL Elaboration : Time (s): cpu = 00:00:02 ; elapsed = 00:00:03 . Memory (MB): peak = 1008.570 ; gain = 0.000
---------------------------------------------------------------------------------
INFO: [Synth 8-6157] synthesizing module 'fpga_top' [C:/Users/fs09911/Desktop/CA-Labs/Project/Part A/Project_Verilog.srcs/sources_1/new/fpga_top.v:3]
INFO: [Synth 8-6157] synthesizing module 'clk_divider' [C:/Users/fs09911/Desktop/CA-Labs/Project/Part A/Project_Verilog.srcs/sources_1/new/clk_divider.v:3]
	Parameter DIVISOR bound to: 12500000 - type: integer 
INFO: [Synth 8-6155] done synthesizing module 'clk_divider' (1#1) [C:/Users/fs09911/Desktop/CA-Labs/Project/Part A/Project_Verilog.srcs/sources_1/new/clk_divider.v:3]
INFO: [Synth 8-6157] synthesizing module 'TopLevelProcessor' [C:/Users/fs09911/Desktop/CA-Labs/Project/Part A/Project_Verilog.srcs/sources_1/new/TopLevelProcessor.v:3]
INFO: [Synth 8-6157] synthesizing module 'pcAdder' [C:/Users/fs09911/Desktop/CA-Labs/Project/Part A/Project_Verilog.srcs/sources_1/new/pcAdder.v:1]
INFO: [Synth 8-6155] done synthesizing module 'pcAdder' (2#1) [C:/Users/fs09911/Desktop/CA-Labs/Project/Part A/Project_Verilog.srcs/sources_1/new/pcAdder.v:1]
INFO: [Synth 8-6157] synthesizing module 'branchAdder' [C:/Users/fs09911/Desktop/CA-Labs/Project/Part A/Project_Verilog.srcs/sources_1/new/branchAdder.v:1]
INFO: [Synth 8-6155] done synthesizing module 'branchAdder' (3#1) [C:/Users/fs09911/Desktop/CA-Labs/Project/Part A/Project_Verilog.srcs/sources_1/new/branchAdder.v:1]
INFO: [Synth 8-6157] synthesizing module 'ProgramCounter' [C:/Users/fs09911/Desktop/CA-Labs/Project/Part A/Project_Verilog.srcs/sources_1/new/ProgramCounter.v:1]
INFO: [Synth 8-6155] done synthesizing module 'ProgramCounter' (4#1) [C:/Users/fs09911/Desktop/CA-Labs/Project/Part A/Project_Verilog.srcs/sources_1/new/ProgramCounter.v:1]
INFO: [Synth 8-6157] synthesizing module 'instructionMemory' [C:/Users/fs09911/Desktop/CA-Labs/Project/Part A/Project_Verilog.srcs/sources_1/new/instructionMemory.v:1]
	Parameter OPERAND_LENGTH bound to: 31 - type: integer 
INFO: [Synth 8-6155] done synthesizing module 'instructionMemory' (5#1) [C:/Users/fs09911/Desktop/CA-Labs/Project/Part A/Project_Verilog.srcs/sources_1/new/instructionMemory.v:1]
INFO: [Synth 8-6157] synthesizing module 'immGen' [C:/Users/fs09911/Desktop/CA-Labs/Project/Part A/Project_Verilog.srcs/sources_1/new/immGen.v:1]
INFO: [Synth 8-6155] done synthesizing module 'immGen' (6#1) [C:/Users/fs09911/Desktop/CA-Labs/Project/Part A/Project_Verilog.srcs/sources_1/new/immGen.v:1]
INFO: [Synth 8-6157] synthesizing module 'MainControl' [C:/Users/fs09911/Desktop/CA-Labs/Project/Part A/Project_Verilog.srcs/sources_1/new/MainControl.v:3]
INFO: [Synth 8-155] case statement is not full and has no default [C:/Users/fs09911/Desktop/CA-Labs/Project/Part A/Project_Verilog.srcs/sources_1/new/MainControl.v:21]
INFO: [Synth 8-6155] done synthesizing module 'MainControl' (7#1) [C:/Users/fs09911/Desktop/CA-Labs/Project/Part A/Project_Verilog.srcs/sources_1/new/MainControl.v:3]
INFO: [Synth 8-6157] synthesizing module 'RegisterFile' [C:/Users/fs09911/Desktop/CA-Labs/Project/Part A/Project_Verilog.srcs/sources_1/new/RegisterFile.v:1]
INFO: [Synth 8-6155] done synthesizing module 'RegisterFile' (8#1) [C:/Users/fs09911/Desktop/CA-Labs/Project/Part A/Project_Verilog.srcs/sources_1/new/RegisterFile.v:1]
INFO: [Synth 8-6157] synthesizing module 'mux2' [C:/Users/fs09911/Desktop/CA-Labs/Project/Part A/Project_Verilog.srcs/sources_1/new/mux2.v:1]
INFO: [Synth 8-6155] done synthesizing module 'mux2' (9#1) [C:/Users/fs09911/Desktop/CA-Labs/Project/Part A/Project_Verilog.srcs/sources_1/new/mux2.v:1]
INFO: [Synth 8-6157] synthesizing module 'ALUControl' [C:/Users/fs09911/Desktop/CA-Labs/Project/Part A/Project_Verilog.srcs/sources_1/new/ALUControl.v:1]
INFO: [Synth 8-6155] done synthesizing module 'ALUControl' (10#1) [C:/Users/fs09911/Desktop/CA-Labs/Project/Part A/Project_Verilog.srcs/sources_1/new/ALUControl.v:1]
INFO: [Synth 8-6157] synthesizing module 'ALU' [C:/Users/fs09911/Desktop/CA-Labs/Project/Part A/Project_Verilog.srcs/sources_1/new/ALU.v:23]
INFO: [Synth 8-6155] done synthesizing module 'ALU' (11#1) [C:/Users/fs09911/Desktop/CA-Labs/Project/Part A/Project_Verilog.srcs/sources_1/new/ALU.v:23]
INFO: [Synth 8-6157] synthesizing module 'AddressDecoder' [C:/Users/fs09911/Desktop/CA-Labs/Project/Part A/Project_Verilog.srcs/sources_1/new/AddressDecoder.v:1]
INFO: [Synth 8-6155] done synthesizing module 'AddressDecoder' (12#1) [C:/Users/fs09911/Desktop/CA-Labs/Project/Part A/Project_Verilog.srcs/sources_1/new/AddressDecoder.v:1]
INFO: [Synth 8-6157] synthesizing module 'DataMemory' [C:/Users/fs09911/Desktop/CA-Labs/Project/Part A/Project_Verilog.srcs/sources_1/new/DataMemory.v:22]
INFO: [Synth 8-6155] done synthesizing module 'DataMemory' (13#1) [C:/Users/fs09911/Desktop/CA-Labs/Project/Part A/Project_Verilog.srcs/sources_1/new/DataMemory.v:22]
INFO: [Synth 8-6155] done synthesizing module 'TopLevelProcessor' (14#1) [C:/Users/fs09911/Desktop/CA-Labs/Project/Part A/Project_Verilog.srcs/sources_1/new/TopLevelProcessor.v:3]
INFO: [Synth 8-6157] synthesizing module 'seven_seg_display' [C:/Users/fs09911/Desktop/CA-Labs/Project/Part A/Project_Verilog.srcs/sources_1/new/seven_seg_display.v:3]
INFO: [Synth 8-226] default block is never used [C:/Users/fs09911/Desktop/CA-Labs/Project/Part A/Project_Verilog.srcs/sources_1/new/seven_seg_display.v:47]
INFO: [Synth 8-6155] done synthesizing module 'seven_seg_display' (15#1) [C:/Users/fs09911/Desktop/CA-Labs/Project/Part A/Project_Verilog.srcs/sources_1/new/seven_seg_display.v:3]
INFO: [Synth 8-6155] done synthesizing module 'fpga_top' (16#1) [C:/Users/fs09911/Desktop/CA-Labs/Project/Part A/Project_Verilog.srcs/sources_1/new/fpga_top.v:3]
---------------------------------------------------------------------------------
Finished RTL Elaboration : Time (s): cpu = 00:00:03 ; elapsed = 00:00:05 . Memory (MB): peak = 1008.570 ; gain = 0.000
---------------------------------------------------------------------------------
---------------------------------------------------------------------------------
Start Handling Custom Attributes
---------------------------------------------------------------------------------
---------------------------------------------------------------------------------
Finished Handling Custom Attributes : Time (s): cpu = 00:00:04 ; elapsed = 00:00:05 . Memory (MB): peak = 1008.570 ; gain = 0.000
---------------------------------------------------------------------------------
---------------------------------------------------------------------------------
Finished RTL Optimization Phase 1 : Time (s): cpu = 00:00:04 ; elapsed = 00:00:05 . Memory (MB): peak = 1008.570 ; gain = 0.000
---------------------------------------------------------------------------------
Netlist sorting complete. Time (s): cpu = 00:00:00 ; elapsed = 00:00:00.022 . Memory (MB): peak = 1008.570 ; gain = 0.000
INFO: [Project 1-570] Preparing netlist for logic optimization

Processing XDC Constraints
Initializing timing engine
Parsing XDC File [C:/Users/fs09911/Desktop/CA-Labs/Project/Part A/Project_Verilog.srcs/constrs_1/new/basys3_constraints.xdc]
Finished Parsing XDC File [C:/Users/fs09911/Desktop/CA-Labs/Project/Part A/Project_Verilog.srcs/constrs_1/new/basys3_constraints.xdc]
INFO: [Project 1-236] Implementation specific constraints were found while reading constraint file [C:/Users/fs09911/Desktop/CA-Labs/Project/Part A/Project_Verilog.srcs/constrs_1/new/basys3_constraints.xdc]. These constraints will be ignored for synthesis but will be used in implementation. Impacted constraints are listed in the file [.Xil/fpga_top_propImpl.xdc].
Resolution: To avoid this warning, move constraints listed in [.Xil/fpga_top_propImpl.xdc] to another XDC file and exclude this new file from synthesis with the used_in_synthesis property (File Properties dialog in GUI) and re-run elaboration/synthesis.
Completed Processing XDC Constraints

Netlist sorting complete. Time (s): cpu = 00:00:00 ; elapsed = 00:00:00.001 . Memory (MB): peak = 1043.918 ; gain = 0.000
INFO: [Project 1-111] Unisim Transformation Summary:
No Unisim elements were transformed.

Constraint Validation Runtime : Time (s): cpu = 00:00:00 ; elapsed = 00:00:00.017 . Memory (MB): peak = 1043.918 ; gain = 0.000
---------------------------------------------------------------------------------
Finished Constraint Validation : Time (s): cpu = 00:00:11 ; elapsed = 00:00:13 . Memory (MB): peak = 1043.918 ; gain = 35.348
---------------------------------------------------------------------------------
---------------------------------------------------------------------------------
Start Loading Part and Timing Information
---------------------------------------------------------------------------------
Loading part: xc7a35tcpg236-1
---------------------------------------------------------------------------------
Finished Loading Part and Timing Information : Time (s): cpu = 00:00:11 ; elapsed = 00:00:13 . Memory (MB): peak = 1043.918 ; gain = 35.348
---------------------------------------------------------------------------------
---------------------------------------------------------------------------------
Start Applying 'set_property' XDC Constraints
---------------------------------------------------------------------------------
---------------------------------------------------------------------------------
Finished applying 'set_property' XDC Constraints : Time (s): cpu = 00:00:11 ; elapsed = 00:00:13 . Memory (MB): peak = 1043.918 ; gain = 35.348
---------------------------------------------------------------------------------
---------------------------------------------------------------------------------
Finished RTL Optimization Phase 2 : Time (s): cpu = 00:00:12 ; elapsed = 00:00:14 . Memory (MB): peak = 1043.918 ; gain = 35.348
---------------------------------------------------------------------------------
---------------------------------------------------------------------------------
Start RTL Component Statistics 
---------------------------------------------------------------------------------
Detailed RTL Component Info : 
+---Adders : 
	   2 Input   32 Bit       Adders := 2     
	   3 Input   32 Bit       Adders := 1     
	   2 Input   25 Bit       Adders := 1     
+---XORs : 
	   2 Input     32 Bit         XORs := 1     
+---Registers : 
	               32 Bit    Registers := 33    
	               25 Bit    Registers := 1     
	               16 Bit    Registers := 1     
	                1 Bit    Registers := 3     
+---Muxes : 
	   6 Input   32 Bit        Muxes := 1     
	  33 Input   32 Bit        Muxes := 2     
	   2 Input   32 Bit        Muxes := 8     
	   8 Input   32 Bit        Muxes := 1     
	 257 Input    8 Bit        Muxes := 4     
	   4 Input    4 Bit        Muxes := 2     
	   8 Input    3 Bit        Muxes := 1     
	   4 Input    3 Bit        Muxes := 1     
	   7 Input    3 Bit        Muxes := 1     
	   8 Input    2 Bit        Muxes := 1     
	   8 Input    1 Bit        Muxes := 7     
	   2 Input    1 Bit        Muxes := 33    
	   3 Input    1 Bit        Muxes := 1     
---------------------------------------------------------------------------------
Finished RTL Component Statistics 
---------------------------------------------------------------------------------
---------------------------------------------------------------------------------
Start Part Resource Summary
---------------------------------------------------------------------------------
Part Resources:
DSPs: 90 (col length:60)
BRAMs: 100 (col length: RAMB18 60 RAMB36 30)
---------------------------------------------------------------------------------
Finished Part Resource Summary
---------------------------------------------------------------------------------
---------------------------------------------------------------------------------
Start Cross Boundary and Area Optimization
---------------------------------------------------------------------------------
---------------------------------------------------------------------------------
Finished Cross Boundary and Area Optimization : Time (s): cpu = 00:00:57 ; elapsed = 00:01:01 . Memory (MB): peak = 1043.918 ; gain = 35.348
---------------------------------------------------------------------------------
---------------------------------------------------------------------------------
Start ROM, RAM, DSP and Shift Register Reporting
---------------------------------------------------------------------------------

Distributed RAM: Preliminary Mapping	Report (see note below)
+------------+----------------------+-----------+----------------------+-----------------+
|Module Name | RTL Object           | Inference | Size (Depth x Width) | Primitives      | 
+------------+----------------------+-----------+----------------------+-----------------+
|fpga_top    | processor/dm/mem_reg | Implied   | 512 x 32             | RAM256X1S x 64	 | 
+------------+----------------------+-----------+----------------------+-----------------+

Note: The table above is a preliminary report that shows the Distributed RAMs at the current stage of the synthesis flow. Some Distributed RAMs may be reimplemented as non Distributed RAM primitives later in the synthesis flow. Multiple instantiated RAMs are reported only once.
---------------------------------------------------------------------------------
Finished ROM, RAM, DSP and Shift Register Reporting
---------------------------------------------------------------------------------
---------------------------------------------------------------------------------
Start Applying XDC Timing Constraints
---------------------------------------------------------------------------------
---------------------------------------------------------------------------------
Finished Applying XDC Timing Constraints : Time (s): cpu = 00:01:01 ; elapsed = 00:01:06 . Memory (MB): peak = 1043.918 ; gain = 35.348
---------------------------------------------------------------------------------
---------------------------------------------------------------------------------
Start Timing Optimization
---------------------------------------------------------------------------------
---------------------------------------------------------------------------------
Finished Timing Optimization : Time (s): cpu = 00:01:06 ; elapsed = 00:01:10 . Memory (MB): peak = 1048.836 ; gain = 40.266
---------------------------------------------------------------------------------
---------------------------------------------------------------------------------
Start ROM, RAM, DSP and Shift Register Reporting
---------------------------------------------------------------------------------

Distributed RAM: Final Mapping	Report
+------------+----------------------+-----------+----------------------+-----------------+
|Module Name | RTL Object           | Inference | Size (Depth x Width) | Primitives      | 
+------------+----------------------+-----------+----------------------+-----------------+
|fpga_top    | processor/dm/mem_reg | Implied   | 512 x 32             | RAM256X1S x 64	 | 
+------------+----------------------+-----------+----------------------+-----------------+

---------------------------------------------------------------------------------
Finished ROM, RAM, DSP and Shift Register Reporting
---------------------------------------------------------------------------------
---------------------------------------------------------------------------------
Start Technology Mapping
---------------------------------------------------------------------------------
---------------------------------------------------------------------------------
Finished Technology Mapping : Time (s): cpu = 00:01:10 ; elapsed = 00:01:14 . Memory (MB): peak = 1093.348 ; gain = 84.777
---------------------------------------------------------------------------------
---------------------------------------------------------------------------------
Start IO Insertion
---------------------------------------------------------------------------------
---------------------------------------------------------------------------------
Start Flattening Before IO Insertion
---------------------------------------------------------------------------------
---------------------------------------------------------------------------------
Finished Flattening Before IO Insertion
---------------------------------------------------------------------------------
---------------------------------------------------------------------------------
Start Final Netlist Cleanup
---------------------------------------------------------------------------------
---------------------------------------------------------------------------------
Finished Final Netlist Cleanup
---------------------------------------------------------------------------------
---------------------------------------------------------------------------------
Finished IO Insertion : Time (s): cpu = 00:01:12 ; elapsed = 00:01:16 . Memory (MB): peak = 1099.930 ; gain = 91.359
---------------------------------------------------------------------------------
---------------------------------------------------------------------------------
Start Renaming Generated Instances
---------------------------------------------------------------------------------
---------------------------------------------------------------------------------
Finished Renaming Generated Instances : Time (s): cpu = 00:01:12 ; elapsed = 00:01:16 . Memory (MB): peak = 1099.930 ; gain = 91.359
---------------------------------------------------------------------------------
---------------------------------------------------------------------------------
Start Rebuilding User Hierarchy
---------------------------------------------------------------------------------
---------------------------------------------------------------------------------
Finished Rebuilding User Hierarchy : Time (s): cpu = 00:01:12 ; elapsed = 00:01:16 . Memory (MB): peak = 1099.930 ; gain = 91.359
---------------------------------------------------------------------------------
---------------------------------------------------------------------------------
Start Renaming Generated Ports
---------------------------------------------------------------------------------
---------------------------------------------------------------------------------
Finished Renaming Generated Ports : Time (s): cpu = 00:01:12 ; elapsed = 00:01:16 . Memory (MB): peak = 1099.930 ; gain = 91.359
---------------------------------------------------------------------------------
---------------------------------------------------------------------------------
Start Handling Custom Attributes
---------------------------------------------------------------------------------
---------------------------------------------------------------------------------
Finished Handling Custom Attributes : Time (s): cpu = 00:01:12 ; elapsed = 00:01:16 . Memory (MB): peak = 1099.930 ; gain = 91.359
---------------------------------------------------------------------------------
---------------------------------------------------------------------------------
Start Renaming Generated Nets
---------------------------------------------------------------------------------
---------------------------------------------------------------------------------
Finished Renaming Generated Nets : Time (s): cpu = 00:01:12 ; elapsed = 00:01:16 . Memory (MB): peak = 1099.930 ; gain = 91.359
---------------------------------------------------------------------------------
---------------------------------------------------------------------------------
Start Writing Synthesis Report
---------------------------------------------------------------------------------

Report BlackBoxes: 
+-+--------------+----------+
| |BlackBox name |Instances |
+-+--------------+----------+
+-+--------------+----------+

Report Cell Usage: 
+------+----------+------+
|      |Cell      |Count |
+------+----------+------+
|1     |BUFG      |     2|
|2     |CARRY4    |    43|
|3     |LUT1      |    10|
|4     |LUT2      |    69|
|5     |LUT3      |   162|
|6     |LUT4      |   119|
|7     |LUT5      |   217|
|8     |LUT6      |   877|
|9     |MUXF7     |   128|
|10    |MUXF8     |     6|
|11    |RAM256X1S |    64|
|12    |FDCE      |    76|
|13    |FDRE      |  1010|
|14    |IBUF      |    18|
|15    |OBUF      |    27|
+------+----------+------+
---------------------------------------------------------------------------------
Finished Writing Synthesis Report : Time (s): cpu = 00:01:12 ; elapsed = 00:01:16 . Memory (MB): peak = 1099.930 ; gain = 91.359
---------------------------------------------------------------------------------
Synthesis finished with 0 errors, 0 critical warnings and 0 warnings.
Synthesis Optimization Runtime : Time (s): cpu = 00:01:05 ; elapsed = 00:01:14 . Memory (MB): peak = 1099.930 ; gain = 56.012
Synthesis Optimization Complete : Time (s): cpu = 00:01:12 ; elapsed = 00:01:16 . Memory (MB): peak = 1099.930 ; gain = 91.359
INFO: [Project 1-571] Translating synthesized netlist
Netlist sorting complete. Time (s): cpu = 00:00:00 ; elapsed = 00:00:00.016 . Memory (MB): peak = 1112.027 ; gain = 0.000
INFO: [Netlist 29-17] Analyzing 241 Unisim elements for replacement
INFO: [Netlist 29-28] Unisim Transformation completed in 0 CPU seconds
INFO: [Project 1-570] Preparing netlist for logic optimization
INFO: [Opt 31-138] Pushed 0 inverter(s) to 0 load pin(s).
Netlist sorting complete. Time (s): cpu = 00:00:00 ; elapsed = 00:00:00 . Memory (MB): peak = 1112.027 ; gain = 0.000
INFO: [Project 1-111] Unisim Transformation Summary:
  A total of 64 instances were transformed.
  RAM256X1S => RAM256X1S (MUXF7(x2), MUXF8, RAMS64E(x4)): 64 instances

INFO: [Common 17-83] Releasing license: Synthesis
49 Infos, 0 Warnings, 0 Critical Warnings and 0 Errors encountered.
synth_design completed successfully
synth_design: Time (s): cpu = 00:01:16 ; elapsed = 00:01:23 . Memory (MB): peak = 1112.027 ; gain = 103.457
INFO: [Common 17-1381] The checkpoint 'C:/Users/fs09911/Desktop/CA-Labs/Project/Part A/Project_Verilog.runs/synth_1/fpga_top.dcp' has been generated.
INFO: [runtcl-4] Executing : report_utilization -file fpga_top_utilization_synth.rpt -pb fpga_top_utilization_synth.pb
INFO: [Common 17-206] Exiting Vivado at Tue Apr 14 12:15:30 2026...
