Copyright 1986-2020 Xilinx, Inc. All Rights Reserved.
-------------------------------------------------------------------------------------
| Tool Version : Vivado v.2020.1 (win64) Build 2902540 Wed May 27 19:54:49 MDT 2020
| Date         : Tue Apr 14 12:21:16 2026
| Host         : HU-DOPX-ML05 running 64-bit major release  (build 9200)
| Command      : report_control_sets -verbose -file fpga_top_control_sets_placed.rpt
| Design       : fpga_top
| Device       : xc7a35t
-------------------------------------------------------------------------------------

Control Set Information

Table of Contents
-----------------
1. Summary
2. Histogram
3. Flip-Flop Distribution
4. Detailed Control Set Information

1. Summary
----------

+----------------------------------------------------------+-------+
|                          Status                          | Count |
+----------------------------------------------------------+-------+
| Total control sets                                       |    37 |
|    Minimum number of control sets                        |    37 |
|    Addition due to synthesis replication                 |     0 |
|    Addition due to physical synthesis replication        |     0 |
| Unused register locations in slices containing registers |    11 |
+----------------------------------------------------------+-------+
* Control sets can be merged at opt_design using control_set_merge or merge_equivalent_drivers
** Run report_qor_suggestions for automated merging and remapping suggestions


2. Histogram
------------

+--------------------+-------+
|       Fanout       | Count |
+--------------------+-------+
| Total control sets |    37 |
| >= 0 to < 4        |     1 |
| >= 4 to < 6        |     0 |
| >= 6 to < 8        |     0 |
| >= 8 to < 10       |     0 |
| >= 10 to < 12      |     0 |
| >= 12 to < 14      |     0 |
| >= 14 to < 16      |     0 |
| >= 16              |    36 |
+--------------------+-------+
* Control sets can be remapped at either synth_design or opt_design


3. Flip-Flop Distribution
-------------------------

+--------------+-----------------------+------------------------+-----------------+--------------+
| Clock Enable | Synchronous Set/Reset | Asynchronous Set/Reset | Total Registers | Total Slices |
+--------------+-----------------------+------------------------+-----------------+--------------+
| No           | No                    | No                     |               2 |            1 |
| No           | No                    | Yes                    |              83 |           27 |
| No           | Yes                   | No                     |               0 |            0 |
| Yes          | No                    | No                     |               0 |            0 |
| Yes          | No                    | Yes                    |               0 |            0 |
| Yes          | Yes                   | No                     |            1024 |          533 |
+--------------+-----------------------+------------------------+-----------------+--------------+


4. Detailed Control Set Information
-----------------------------------

+----------------+------------------------------------------+------------------+------------------+----------------+--------------+
|  Clock Signal  |               Enable Signal              | Set/Reset Signal | Slice Load Count | Bel Load Count | Bels / Slice |
+----------------+------------------------------------------+------------------+------------------+----------------+--------------+
|  clk_IBUF_BUFG |                                          |                  |                1 |              2 |         2.00 |
|  slow_clk_BUFG | processor/pc/PC_reg_rep[6]_21[0]         | rst_sync2        |               15 |             32 |         2.13 |
|  slow_clk_BUFG | processor/pc/PC_reg_rep[6]_8[0]          | rst_sync2        |               16 |             32 |         2.00 |
|  slow_clk_BUFG | processor/pc/PC_reg_rep[6]_9[0]          | rst_sync2        |               14 |             32 |         2.29 |
|  slow_clk_BUFG | processor/pc/mem_reg_0_255_0_0_i_17_0[0] | rst_sync2        |               13 |             32 |         2.46 |
|  slow_clk_BUFG | processor/pc/E[0]                        | rst_sync2        |               14 |             32 |         2.29 |
|  slow_clk_BUFG | processor/pc/PC_reg_rep[6]_11[0]         | rst_sync2        |               16 |             32 |         2.00 |
|  slow_clk_BUFG | processor/pc/PC_reg_rep[6]_16[0]         | rst_sync2        |               23 |             32 |         1.39 |
|  slow_clk_BUFG | processor/pc/PC_reg_rep[6]_17[0]         | rst_sync2        |               17 |             32 |         1.88 |
|  slow_clk_BUFG | processor/pc/PC_reg_rep[6]_15[0]         | rst_sync2        |               19 |             32 |         1.68 |
|  slow_clk_BUFG | processor/pc/PC_reg_rep[6]_12[0]         | rst_sync2        |               13 |             32 |         2.46 |
|  slow_clk_BUFG | processor/pc/PC_reg_rep[6]_10[0]         | rst_sync2        |               13 |             32 |         2.46 |
|  slow_clk_BUFG | processor/pc/PC_reg_rep[6]_13[0]         | rst_sync2        |               17 |             32 |         1.88 |
|  slow_clk_BUFG | processor/pc/PC_reg_rep[6]_22[0]         | rst_sync2        |               18 |             32 |         1.78 |
|  slow_clk_BUFG | processor/pc/PC_reg_rep[6]_23[0]         | rst_sync2        |               13 |             32 |         2.46 |
|  slow_clk_BUFG | processor/pc/PC_reg_rep[6]_25[0]         | rst_sync2        |               14 |             32 |         2.29 |
|  slow_clk_BUFG | processor/pc/PC_reg_rep[6]_27[0]         | rst_sync2        |               22 |             32 |         1.45 |
|  slow_clk_BUFG | processor/pc/PC_reg_rep[6]_28[0]         | rst_sync2        |               20 |             32 |         1.60 |
|  slow_clk_BUFG | processor/pc/PC_reg_rep[6]_29[0]         | rst_sync2        |               21 |             32 |         1.52 |
|  slow_clk_BUFG | processor/pc/PC_reg_rep[6]_3[0]          | rst_sync2        |               17 |             32 |         1.88 |
|  slow_clk_BUFG | processor/pc/PC_reg_rep[6]_30[0]         | rst_sync2        |               19 |             32 |         1.68 |
|  slow_clk_BUFG | processor/pc/PC_reg_rep[6]_4[0]          | rst_sync2        |               20 |             32 |         1.60 |
|  slow_clk_BUFG | processor/pc/PC_reg_rep[6]_5[0]          | rst_sync2        |               13 |             32 |         2.46 |
|  slow_clk_BUFG | processor/pc/PC_reg_rep[6]_6[0]          | rst_sync2        |               14 |             32 |         2.29 |
|  slow_clk_BUFG | processor/pc/PC_reg_rep[6]_24[0]         | rst_sync2        |               15 |             32 |         2.13 |
|  slow_clk_BUFG | processor/pc/PC_reg_rep[6]_26[0]         | rst_sync2        |               14 |             32 |         2.29 |
|  slow_clk_BUFG | processor/pc/PC_reg_rep[6]_14[0]         | rst_sync2        |               15 |             32 |         2.13 |
|  slow_clk_BUFG | processor/pc/PC_reg_rep[6]_19[0]         | rst_sync2        |               15 |             32 |         2.13 |
|  slow_clk_BUFG | processor/pc/PC_reg_rep[6]_7[0]          | rst_sync2        |               21 |             32 |         1.52 |
|  slow_clk_BUFG | processor/pc/PC_reg_rep[6]_1[0]          | rst_sync2        |               17 |             32 |         1.88 |
|  slow_clk_BUFG | processor/pc/PC_reg_rep[6]_18[0]         | rst_sync2        |               18 |             32 |         1.78 |
|  slow_clk_BUFG | processor/pc/PC_reg_rep[6]_2[0]          | rst_sync2        |               23 |             32 |         1.39 |
|  slow_clk_BUFG | processor/pc/PC_reg_rep[6]_20[0]         | rst_sync2        |               14 |             32 |         2.29 |
|  slow_clk_BUFG |                                          | rst_sync2        |               11 |             39 |         3.55 |
|  clk_IBUF_BUFG |                                          | rst_sync2        |               16 |             44 |         2.75 |
|  slow_clk_BUFG | processor/pc/mem_reg_0_255_0_0_i_19_0    |                  |               32 |            128 |         4.00 |
|  slow_clk_BUFG | processor/pc/mem_reg_0_255_0_0_i_19_1    |                  |               32 |            128 |         4.00 |
+----------------+------------------------------------------+------------------+------------------+----------------+--------------+


